# achievements listed here
# format: "basename,maxval,hasformat"
#  basename: the base name used to construct cvars and localization strings
#  maxval: limit progress value (if any), a value of -1 means it needs special
#          handling in zscript (usually for cases where this is dynamic, like
#          the "all collectibles" achievement)
#  hasformat: the TXT string has a %d in it to substitute for maxval
#  gametype: the game this belongs to (any, doom, heretic, hexen, raven, etc.)
acid,50,yes,any
allcoll,-1,no,any
allitems,30,yes,any
allkills,30,yes,any
allsecrets,30,yes,nothexen
anom,10,yes,any
anone,0,no,any
balls,10,yes,any
#barrel,1000,yes,doom
barrier,20,yes,doom
bonk,300,yes,any
bossdash,5,yes,any
brake,10,yes,any
bune,500,yes,any
bustin,50,yes,any
butts,100,yes,any
#candy,1000,yes,any
#cheat,0,no,any
cliffyb,0,no,nothexen
clonk,0,no,any
conga,10,yes,any
#crush,0,no,any
#dab,200,yes,any
#dakka,60,no,any
dime,0,no,any
#doodle,20,yes,doom
dosh,1000000000,no,any
#doomboss1,0,no,doom
#doomboss2,0,no,doom
#doomboss3,0,no,doom
#doomboss4,0,no,doom
#doomboss5,0,no,doom
#doomboss6,0,no,doom
#doomboss7,0,no,doom
#doomboss8,0,no,doom
#doomboss9,0,no,doom
#doomboss10,0,no,doom
everything,0,no,any
ezkill,50,yes,any
flight,2000,yes,any
friend,40,yes,any
fuel,500,yes,any
#fuller,0,no,any
gcsandwich,10,yes,any
#gepgun,30,yes,any
ghost,30,yes,any
gib,1500,yes,any
golden,24,yes,any
gravity,10,yes,raven
#grenade,30,yes,any
#hereticboss1,0,no,heretic
#hereticboss2,0,no,heretic
#hereticboss3,0,no,heretic
#hereticboss4,0,no,heretic
#hereticboss5,0,no,heretic
#hexenboss1,0,no,hexen
#hexenboss2,0,no,hexen
#hexenboss3,0,no,hexen
#hexenboss4,0,no,hexen
#hexenboss5,0,no,hexen
#hexenboss6,0,no,hexen
#hexenboss7,0,no,hexen
#hexenboss8,0,no,hexen
#hexenboss9,0,no,hexen
#hexenboss10,0,no,hexen
#hexenboss11,0,no,hexen
#hnd,6,yes,any
jump,150,yes,any
#keen,0,no,doom
lead,1500,yes,any
#lightning,0,no,any
ligma,0,no,any
love,10,yes,any
#mashiro,0,no,any
mbf,0,no,doom
mega,10000,yes,any
moth,50,yes,any
nice,0,no,any
oneguy,0,no,any
onestanding,0,no,any
oopsie,0,no,any
par,15,yes,nothexen
parry,200,yes,any
#peace,0,no,any
#pene,20,yes,any
plush,10,yes,any
#puzzle,20,yes,hexen
rage,20,yes,any
reflect,20,yes,any
refresh,30,yes,any
#roast,50,yes,any
salt,0,no,any
sanic,800,yes,any
sekiro,0,no,any
shame,0,no,any
shock,30,yes,any
slayer,40,yes,any
slemg,100,yes,any
sneeze,20,yes,any
step,30,yes,any
stomp,50,yes,any
sunny,15,yes,any
tele,0,no,any
thicc,100,yes,any
thruwall,20,yes,any
#trash,0,no,doom
#travel,1000,yes,any
#untouchable,0,no,any
wantdie,0,no,any
wave,0,no,any
yeet,0,no,doom
